
Discarded input sections

 .text          0x00000000        0x0 CMakeFiles/stm32-template.dir/src/main.c.obj
 .data          0x00000000        0x0 CMakeFiles/stm32-template.dir/src/main.c.obj
 .bss           0x00000000        0x0 CMakeFiles/stm32-template.dir/src/main.c.obj
 .text          0x00000000        0x0 CMakeFiles/stm32-template.dir/STM32-base-STM32Cube/CMSIS/STM32F4xx/src/system_STM32F4xx.c.obj
 .data          0x00000000        0x0 CMakeFiles/stm32-template.dir/STM32-base-STM32Cube/CMSIS/STM32F4xx/src/system_STM32F4xx.c.obj
 .bss           0x00000000        0x0 CMakeFiles/stm32-template.dir/STM32-base-STM32Cube/CMSIS/STM32F4xx/src/system_STM32F4xx.c.obj
 .data.SystemCoreClock
                0x00000000        0x4 CMakeFiles/stm32-template.dir/STM32-base-STM32Cube/CMSIS/STM32F4xx/src/system_STM32F4xx.c.obj
 .rodata.AHBPrescTable
                0x00000000       0x10 CMakeFiles/stm32-template.dir/STM32-base-STM32Cube/CMSIS/STM32F4xx/src/system_STM32F4xx.c.obj
 .rodata.APBPrescTable
                0x00000000        0x8 CMakeFiles/stm32-template.dir/STM32-base-STM32Cube/CMSIS/STM32F4xx/src/system_STM32F4xx.c.obj
 .text.SystemInit
                0x00000000       0x5c CMakeFiles/stm32-template.dir/STM32-base-STM32Cube/CMSIS/STM32F4xx/src/system_STM32F4xx.c.obj
 .text.SystemCoreClockUpdate
                0x00000000      0x100 CMakeFiles/stm32-template.dir/STM32-base-STM32Cube/CMSIS/STM32F4xx/src/system_STM32F4xx.c.obj
 .debug_info    0x00000000      0x5af CMakeFiles/stm32-template.dir/STM32-base-STM32Cube/CMSIS/STM32F4xx/src/system_STM32F4xx.c.obj
 .debug_abbrev  0x00000000      0x115 CMakeFiles/stm32-template.dir/STM32-base-STM32Cube/CMSIS/STM32F4xx/src/system_STM32F4xx.c.obj
 .debug_loc     0x00000000       0xa0 CMakeFiles/stm32-template.dir/STM32-base-STM32Cube/CMSIS/STM32F4xx/src/system_STM32F4xx.c.obj
 .debug_aranges
                0x00000000       0x28 CMakeFiles/stm32-template.dir/STM32-base-STM32Cube/CMSIS/STM32F4xx/src/system_STM32F4xx.c.obj
 .debug_ranges  0x00000000       0x18 CMakeFiles/stm32-template.dir/STM32-base-STM32Cube/CMSIS/STM32F4xx/src/system_STM32F4xx.c.obj
 .debug_line    0x00000000      0x34a CMakeFiles/stm32-template.dir/STM32-base-STM32Cube/CMSIS/STM32F4xx/src/system_STM32F4xx.c.obj
 .debug_str     0x00000000      0x445 CMakeFiles/stm32-template.dir/STM32-base-STM32Cube/CMSIS/STM32F4xx/src/system_STM32F4xx.c.obj
 .comment       0x00000000       0x13 CMakeFiles/stm32-template.dir/STM32-base-STM32Cube/CMSIS/STM32F4xx/src/system_STM32F4xx.c.obj
 .debug_frame   0x00000000       0x58 CMakeFiles/stm32-template.dir/STM32-base-STM32Cube/CMSIS/STM32F4xx/src/system_STM32F4xx.c.obj
 .text          0x00000000        0x0 CMakeFiles/stm32-template.dir/STM32-base/startup/STM32F4xx/STM32F401xE.s.obj
 .data          0x00000000        0x0 CMakeFiles/stm32-template.dir/STM32-base/startup/STM32F4xx/STM32F401xE.s.obj
 .bss           0x00000000        0x0 CMakeFiles/stm32-template.dir/STM32-base/startup/STM32F4xx/STM32F401xE.s.obj
 .text.Default_Handler
                0x00000000        0x2 CMakeFiles/stm32-template.dir/STM32-base/startup/STM32F4xx/STM32F401xE.s.obj
 .isr_vector    0x00000000      0x194 CMakeFiles/stm32-template.dir/STM32-base/startup/STM32F4xx/STM32F401xE.s.obj

Memory Configuration

Name             Origin             Length             Attributes
*default*        0x00000000         0xffffffff

Linker script and memory map

LOAD CMakeFiles/stm32-template.dir/src/main.c.obj
LOAD CMakeFiles/stm32-template.dir/STM32-base-STM32Cube/CMSIS/STM32F4xx/src/system_STM32F4xx.c.obj
LOAD CMakeFiles/stm32-template.dir/STM32-base/startup/STM32F4xx/STM32F401xE.s.obj
                [!provide]                        PROVIDE (__executable_start = SEGMENT_START ("text-segment", 0x8000))
                0x00008000                        . = SEGMENT_START ("text-segment", 0x8000)

.note.gnu.build-id
 *(.note.gnu.build-id)

.interp
 *(.interp)

.hash
 *(.hash)

.gnu.hash
 *(.gnu.hash)

.dynsym
 *(.dynsym)

.dynstr
 *(.dynstr)

.gnu.version
 *(.gnu.version)

.gnu.version_d
 *(.gnu.version_d)

.gnu.version_r
 *(.gnu.version_r)

.rel.dyn        0x00008000        0x0
 *(.rel.init)
 *(.rel.text .rel.text.* .rel.gnu.linkonce.t.*)
 *(.rel.fini)
 *(.rel.rodata .rel.rodata.* .rel.gnu.linkonce.r.*)
 *(.rel.data.rel.ro .rel.data.rel.ro.* .rel.gnu.linkonce.d.rel.ro.*)
 *(.rel.data .rel.data.* .rel.gnu.linkonce.d.*)
 *(.rel.tdata .rel.tdata.* .rel.gnu.linkonce.td.*)
 *(.rel.tbss .rel.tbss.* .rel.gnu.linkonce.tb.*)
 *(.rel.ctors)
 *(.rel.dtors)
 *(.rel.got)
 *(.rel.bss .rel.bss.* .rel.gnu.linkonce.b.*)
                [!provide]                        PROVIDE (__rel_iplt_start = .)
 *(.rel.iplt)
 .rel.iplt      0x00008000        0x0 CMakeFiles/stm32-template.dir/STM32-base/startup/STM32F4xx/STM32F401xE.s.obj
                [!provide]                        PROVIDE (__rel_iplt_end = .)

.rela.dyn       0x00008000        0x0
 *(.rela.init)
 *(.rela.text .rela.text.* .rela.gnu.linkonce.t.*)
 *(.rela.fini)
 *(.rela.rodata .rela.rodata.* .rela.gnu.linkonce.r.*)
 *(.rela.data .rela.data.* .rela.gnu.linkonce.d.*)
 *(.rela.tdata .rela.tdata.* .rela.gnu.linkonce.td.*)
 *(.rela.tbss .rela.tbss.* .rela.gnu.linkonce.tb.*)
 *(.rela.ctors)
 *(.rela.dtors)
 *(.rela.got)
 *(.rela.bss .rela.bss.* .rela.gnu.linkonce.b.*)
                [!provide]                        PROVIDE (__rela_iplt_start = .)
 *(.rela.iplt)
                [!provide]                        PROVIDE (__rela_iplt_end = .)

.rel.plt
 *(.rel.plt)

.rela.plt
 *(.rela.plt)

.init
 *(SORT_NONE(.init))

.plt
 *(.plt)

.iplt           0x00008000        0x0
 *(.iplt)
 .iplt          0x00008000        0x0 CMakeFiles/stm32-template.dir/STM32-base/startup/STM32F4xx/STM32F401xE.s.obj

.gnu.sgstubs
 *(.gnu.sgstubs*)

.text           0x00008000       0xb0
 *(.text.unlikely .text.*_unlikely .text.unlikely.*)
 *(.text.exit .text.exit.*)
 *(.text.startup .text.startup.*)
 *(.text.hot .text.hot.*)
 *(SORT_BY_NAME(.text.sorted.*))
 *(.text .stub .text.* .gnu.linkonce.t.*)
 .text.main     0x00008000       0x70 CMakeFiles/stm32-template.dir/src/main.c.obj
                0x00008000                main
 .text.Reset_Handler
                0x00008070       0x40 CMakeFiles/stm32-template.dir/STM32-base/startup/STM32F4xx/STM32F401xE.s.obj
                0x00008070                Reset_Handler
 *(.gnu.warning)
 *(.glue_7t)
 .glue_7t       0x000080b0        0x0 linker stubs
 *(.glue_7)
 .glue_7        0x000080b0        0x0 linker stubs
 *(.vfp11_veneer)
 .vfp11_veneer  0x000080b0        0x0 linker stubs
 *(.v4_bx)
 .v4_bx         0x000080b0        0x0 linker stubs

.fini
 *(SORT_NONE(.fini))
                [!provide]                        PROVIDE (__etext = .)
                [!provide]                        PROVIDE (_etext = .)
                [!provide]                        PROVIDE (etext = .)

.rodata
 *(.rodata .rodata.* .gnu.linkonce.r.*)

.dummy_symbols  0x000080b0       0x20
 .dummy_symbols
                0x000080b0       0x20 CMakeFiles/stm32-template.dir/STM32-base/startup/STM32F4xx/STM32F401xE.s.obj
                0x000080b0                __data_end
                0x000080b4                __data_flash_start
                0x000080b8                __bss_end

.rodata1
 *(.rodata1)

.ARM.extab
 *(.ARM.extab* .gnu.linkonce.armextab.*)

.ARM.exidx      0x000080d0        0x0
                [!provide]                        PROVIDE (__exidx_start = .)
 *(.ARM.exidx* .gnu.linkonce.armexidx.*)
                [!provide]                        PROVIDE (__exidx_end = .)

.eh_frame_hdr
 *(.eh_frame_hdr)
 *(.eh_frame_entry .eh_frame_entry.*)

.eh_frame
 *(.eh_frame)
 *(.eh_frame.*)

.sframe
 *(.sframe)
 *(.sframe.*)

.gcc_except_table
 *(.gcc_except_table .gcc_except_table.*)

.gnu_extab
 *(.gnu_extab*)

.exception_ranges
 *(.exception_ranges*)

.note.build-id
 *(.note.build-id)

.note.GNU-stack
 *(.note.GNU-stack)

.note.gnu-property
 *(.note.gnu-property)

.note.ABI-tag
 *(.note.ABI-tag)

.note.package
 *(.note.package)

.note.dlopen
 *(.note.dlopen)

.note.netbsd.ident
 *(.note.netbsd.ident)

.note.openbsd.ident
 *(.note.openbsd.ident)
                0x000090d0                        . = (ALIGN (CONSTANT (MAXPAGESIZE)) + (. & (CONSTANT (MAXPAGESIZE) - 0x1)))

.eh_frame
 *(.eh_frame)
 *(.eh_frame.*)

.sframe
 *(.sframe)
 *(.sframe.*)

.gnu_extab
 *(.gnu_extab)

.gcc_except_table
 *(.gcc_except_table .gcc_except_table.*)

.exception_ranges
 *(.exception_ranges*)

.tdata          0x000090d0        0x0
                [!provide]                        PROVIDE (__tdata_start = .)
 *(.tdata .tdata.* .gnu.linkonce.td.*)

.tbss
 *(.tbss .tbss.* .gnu.linkonce.tb.*)
 *(.tcommon)

.preinit_array  0x000090d0        0x0
                [!provide]                        PROVIDE (__preinit_array_start = .)
 *(.preinit_array)
                [!provide]                        PROVIDE (__preinit_array_end = .)

.init_array     0x000090d0        0x0
                [!provide]                        PROVIDE (__init_array_start = .)
 *(SORT_BY_INIT_PRIORITY(.init_array.*) SORT_BY_INIT_PRIORITY(.ctors.*))
 *(.init_array EXCLUDE_FILE(*crtend?.o *crtend.o *crtbegin?.o *crtbegin.o) .ctors)
                [!provide]                        PROVIDE (__init_array_end = .)

.fini_array     0x000090d0        0x0
                [!provide]                        PROVIDE (__fini_array_start = .)
 *(SORT_BY_INIT_PRIORITY(.fini_array.*) SORT_BY_INIT_PRIORITY(.dtors.*))
 *(.fini_array EXCLUDE_FILE(*crtend?.o *crtend.o *crtbegin?.o *crtbegin.o) .dtors)
                [!provide]                        PROVIDE (__fini_array_end = .)

.ctors
 *crtbegin.o(.ctors)
 *crtbegin?.o(.ctors)
 *(EXCLUDE_FILE(*crtend?.o *crtend.o) .ctors)
 *(SORT_BY_NAME(.ctors.*))
 *(.ctors)

.dtors
 *crtbegin.o(.dtors)
 *crtbegin?.o(.dtors)
 *(EXCLUDE_FILE(*crtend?.o *crtend.o) .dtors)
 *(SORT_BY_NAME(.dtors.*))
 *(.dtors)

.jcr
 *(.jcr)

.data.rel.ro
 *(.data.rel.ro.local* .gnu.linkonce.d.rel.ro.local.*)
 *(.data.rel.ro .data.rel.ro.* .gnu.linkonce.d.rel.ro.*)

.dynamic
 *(.dynamic)

.got            0x000090d0        0x0
 *(.got.plt)
 *(.igot.plt)
 .igot.plt      0x000090d0        0x0 CMakeFiles/stm32-template.dir/STM32-base/startup/STM32F4xx/STM32F401xE.s.obj
 *(.got)
 *(.igot)

.data           0x000090d0        0x0
                0x000090d0                        __data_start = .
 *(.data .data.* .gnu.linkonce.d.*)

.data1
 *(.data1)
                0x000090d0                        _edata = .
                [!provide]                        PROVIDE (edata = .)

.persistent     0x000090d0        0x0
                [!provide]                        PROVIDE (__persistent_start = .)
 *(.persistent .persistent.* .gnu.linkonce.p.*)
                0x000090d0                        . = ALIGN (0x4)
                [!provide]                        PROVIDE (__persistent_end = .)
                0x000090d0                        . = ALIGN (ALIGNOF (NEXT_SECTION))
                0x000090d0                        __bss_start = .
                0x000090d0                        __bss_start__ = .

.bss            0x000090d0        0x0
 *(.dynbss)
 *(.bss .bss.* .gnu.linkonce.b.*)
 *(COMMON)
                0x000090d0                        . = ALIGN ((. != 0x0)?0x4:0x1)
                0x000090d0                        _bss_end__ = .
                0x000090d0                        __bss_end__ = .

.noinit         0x000090d0        0x0
                [!provide]                        PROVIDE (__noinit_start = .)
 *(.noinit .noinit.* .gnu.linkonce.n.*)
                0x000090d0                        . = ALIGN (0x4)
                [!provide]                        PROVIDE (__noinit_end = .)
                0x000090d0                        . = ALIGN (0x4)
                0x000090d0                        . = SEGMENT_START ("ldata-segment", .)
                0x000090d0                        . = ALIGN (0x4)
                0x000090d0                        __end__ = .
                0x000090d0                        _end = .
                [!provide]                        PROVIDE (end = .)

.stack          0x00080000        0x0
                0x00080000                        _stack = .
 *(.stack)

.stab
 *(.stab)

.stabstr
 *(.stabstr)

.stab.excl
 *(.stab.excl)

.stab.exclstr
 *(.stab.exclstr)

.stab.index
 *(.stab.index)

.stab.indexstr
 *(.stab.indexstr)

.comment        0x00000000       0x12
 *(.comment)
 .comment       0x00000000       0x12 CMakeFiles/stm32-template.dir/src/main.c.obj
                                 0x13 (size before relaxing)

.gnu.build.attributes
 *(.gnu.build.attributes .gnu.build.attributes.*)

.debug
 *(.debug)

.line
 *(.line)

.debug_srcinfo
 *(.debug_srcinfo)

.debug_sfnames
 *(.debug_sfnames)

.debug_aranges  0x00000000       0x48
 *(.debug_aranges)
 .debug_aranges
                0x00000000       0x20 CMakeFiles/stm32-template.dir/src/main.c.obj
 .debug_aranges
                0x00000020       0x28 CMakeFiles/stm32-template.dir/STM32-base/startup/STM32F4xx/STM32F401xE.s.obj

.debug_pubnames
 *(.debug_pubnames)

.debug_info     0x00000000       0xa5
 *(.debug_info .gnu.linkonce.wi.*)
 .debug_info    0x00000000       0x75 CMakeFiles/stm32-template.dir/src/main.c.obj
 .debug_info    0x00000075       0x30 CMakeFiles/stm32-template.dir/STM32-base/startup/STM32F4xx/STM32F401xE.s.obj

.debug_abbrev   0x00000000       0x76
 *(.debug_abbrev)
 .debug_abbrev  0x00000000       0x59 CMakeFiles/stm32-template.dir/src/main.c.obj
 .debug_abbrev  0x00000059       0x1d CMakeFiles/stm32-template.dir/STM32-base/startup/STM32F4xx/STM32F401xE.s.obj

.debug_line     0x00000000      0x1c9
 *(.debug_line .debug_line.* .debug_line_end)
 .debug_line    0x00000000       0xde CMakeFiles/stm32-template.dir/src/main.c.obj
 .debug_line    0x000000de       0xeb CMakeFiles/stm32-template.dir/STM32-base/startup/STM32F4xx/STM32F401xE.s.obj

.debug_frame    0x00000000       0x2c
 *(.debug_frame)
 .debug_frame   0x00000000       0x2c CMakeFiles/stm32-template.dir/src/main.c.obj

.debug_str      0x00000000      0x28a
 *(.debug_str)
 .debug_str     0x00000000      0x28a CMakeFiles/stm32-template.dir/src/main.c.obj
                                0x1e1 (size before relaxing)
 .debug_str     0x0000028a      0x130 CMakeFiles/stm32-template.dir/STM32-base/startup/STM32F4xx/STM32F401xE.s.obj

.debug_loc      0x00000000       0x38
 *(.debug_loc)
 .debug_loc     0x00000000       0x38 CMakeFiles/stm32-template.dir/src/main.c.obj

.debug_macinfo
 *(.debug_macinfo)

.debug_weaknames
 *(.debug_weaknames)

.debug_funcnames
 *(.debug_funcnames)

.debug_typenames
 *(.debug_typenames)

.debug_varnames
 *(.debug_varnames)

.debug_pubtypes
 *(.debug_pubtypes)

.debug_ranges   0x00000000       0x30
 *(.debug_ranges)
 .debug_ranges  0x00000000       0x10 CMakeFiles/stm32-template.dir/src/main.c.obj
 .debug_ranges  0x00000010       0x20 CMakeFiles/stm32-template.dir/STM32-base/startup/STM32F4xx/STM32F401xE.s.obj

.debug_addr
 *(.debug_addr)

.debug_line_str
 *(.debug_line_str)

.debug_loclists
 *(.debug_loclists)

.debug_macro
 *(.debug_macro)

.debug_names
 *(.debug_names)

.debug_rnglists
 *(.debug_rnglists)

.debug_str_offsets
 *(.debug_str_offsets)

.debug_sup
 *(.debug_sup)

.ARM.attributes
                0x00000000       0x2c
 *(.ARM.attributes)
 .ARM.attributes
                0x00000000       0x2e CMakeFiles/stm32-template.dir/src/main.c.obj
 .ARM.attributes
                0x0000002e       0x2e CMakeFiles/stm32-template.dir/STM32-base-STM32Cube/CMSIS/STM32F4xx/src/system_STM32F4xx.c.obj
 .ARM.attributes
                0x0000005c       0x1c CMakeFiles/stm32-template.dir/STM32-base/startup/STM32F4xx/STM32F401xE.s.obj
 *(.gnu.attributes)

.note.gnu.arm.ident
 *(.note.gnu.arm.ident)

/DISCARD/
 *(.note.GNU-stack)
 *(.gnu_debuglink)
 *(.gnu.lto_*)
 *(.gnu_object_only)
OUTPUT(stm32-template.elf elf32-littlearm)
LOAD linker stubs
